{"logTime": "0212/162844", "correlationVector":"SP09SW9nBCu/WEwjYtVg9Y.1","action":"SyncServerConnectionManagerRequest", "result":"SYNC_SERVER_OK", "context":{"environment":"Prod_southeastasia_prod-s01-064-apac-southeastasia", "migrationStage":"NotStarted", "server":"akswtt111000008"}}
{"logTime": "0212/162846", "correlationVector":"SP09SW9nBCu/WEwjYtVg9Y.2","action":"AAD.Mip.Unpack", "result":"Success", "context":MIP_CLOUD_COMMERCIAL:Success}
{"logTime": "0212/162846", "correlationVector":"SP09SW9nBCu/WEwjYtVg9Y.3","action":"EncryptionKeysManager::SetEncryptionKeys:", "result":"Success", "context":Key names[3]:[wGFvETx8HymG5Lw/b1nksT7INrphoCoXpxiQlN0zjhwE8iOltcpdIno24Lz6SLsjTz76cEgXO4+UHud4nMVxQA==][z9fVhFWKmhTip2nL8rLS6nU56b3emBMbFDRbmrfUmHQn/SzO84E4XrMtP4KtYqB2XJK+D4/wIR8Uwc/xr2mokQ==][vSNIWMEhjN64E7P5ybzf/bMBxJ7c39ejIqKtXsOCGlpur9bhg3Lyocu8boAjXs7DmUvcWScm4qkM16whMtjJ5A==]}
{"logTime": "0212/162846", "correlationVector":"SP09SW9nBCu/WEwjYtVg9Y.4","action":"AAD.GetKeyResponse", "result":"Success", "context":Keys=3.LastKeyStatus=Active. 2025-09-17 12:32:46 +08.State=None. Tags: Current_encryption_keys_tag = 77+9Kk9x77+977+9RO+/ve+/ve+/ve+/vVlD77+977+977+977+977+977+977+9cygUSHfvv71N77+9Gk8M77+9, Updated_current_encryption_keys_tag = Empty. Emails: ["jvagbulos2@student.apc.edu.ph"]}
{"logTime": "0212/162846", "correlationVector":"SP09SW9nBCu/WEwjYtVg9Y.5","action":"ProcessGetUpdates", "result":"Done", "context":{"dataType":"Encryption Keys", "deleted":"0", "process_failed_to_decrypt":"0", "process_pending_decryption":"0", "process_success":"1", "total":"1"}}
{"logTime": "0212/162846", "correlationVector":"SP09SW9nBCu/WEwjYtVg9Y","action":"Initial GetUpdates", "result":"", "context":Reason: NEW_CLIENT. cV=SP09SW9nBCu/WEwjYtVg9Y}
{"logTime": "0212/162846", "correlationVector":"SP09SW9nBCu/WEwjYtVg9Y.6","action":"GetUpdates Response", "result":"Success", "context":Received 1 update(s). cV=SP09SW9nBCu/WEwjYtVg9Y.0;server=akswtt111000008;cloudType=Multitenant;environment=Prod_southeastasia_prod-s01-064-apac-southeastasia;migrationStage=NotStarted}
{"logTime": "0212/162846", "correlationVector":"1MLuuQKkrTR+3T9om8rHcu","action":"Initial GetUpdates", "result":"", "context":Reason: NEW_CLIENT. cV=1MLuuQKkrTR+3T9om8rHcu}
{"logTime": "0212/162846", "correlationVector":"1MLuuQKkrTR+3T9om8rHcu.1","action":"SyncServerConnectionManagerRequest", "result":"SYNC_SERVER_OK", "context":{"environment":"Prod_southeastasia_prod-s01-064-apac-southeastasia", "migrationStage":"NotStarted", "server":"akswtt11100000j"}}
{"logTime": "0212/162846", "correlationVector":"1MLuuQKkrTR+3T9om8rHcu.2","action":"ProcessGetUpdates", "result":"Done", "context":{"dataType":"Preferences", "deleted":"0", "process_failed_to_decrypt":"0", "process_pending_decryption":"0", "process_success":"72", "total":"72"}}
{"logTime": "0212/162846", "correlationVector":"1MLuuQKkrTR+3T9om8rHcu.3","action":"ProcessGetUpdates", "result":"Done", "context":{"dataType":"Passwords", "deleted":"0", "process_failed_to_decrypt":"0", "process_pending_decryption":"0", "process_success":"9", "total":"9"}}
{"logTime": "0212/162846", "correlationVector":"1MLuuQKkrTR+3T9om8rHcu.4","action":"ProcessGetUpdates", "result":"Done", "context":{"dataType":"Device Info", "deleted":"0", "process_failed_to_decrypt":"0", "process_pending_decryption":"0", "process_success":"8", "total":"8"}}
{"logTime": "0212/162846", "correlationVector":"1MLuuQKkrTR+3T9om8rHcu.5","action":"GetUpdates Response", "result":"Success", "context":Received 89 update(s). cV=1MLuuQKkrTR+3T9om8rHcu.0;server=akswtt11100000j;cloudType=Multitenant;environment=Prod_southeastasia_prod-s01-064-apac-southeastasia;migrationStage=NotStarted}
{"logTime": "0212/162846", "correlationVector":"7YQiB2HV7kfVMw9+LhnrUp","action":"Initial GetUpdates", "result":"", "context":Reason: NEW_CLIENT. cV=7YQiB2HV7kfVMw9+LhnrUp}
{"logTime": "0212/162847", "correlationVector":"7YQiB2HV7kfVMw9+LhnrUp.1","action":"SyncServerConnectionManagerRequest", "result":"SYNC_SERVER_OK", "context":{"environment":"Prod_southeastasia_prod-s01-064-apac-southeastasia", "migrationStage":"NotStarted", "server":"akswtt111000005"}}
{"logTime": "0212/162847", "correlationVector":"7YQiB2HV7kfVMw9+LhnrUp.2","action":"ProcessGetUpdates", "result":"Done", "context":{"dataType":"Bookmarks", "deleted":"0", "process_failed_to_decrypt":"0", "process_pending_decryption":"0", "process_success":"7", "total":"7"}}
{"logTime": "0212/162847", "correlationVector":"7YQiB2HV7kfVMw9+LhnrUp.3","action":"GetUpdates Response", "result":"Success", "context":Received 7 update(s). cV=7YQiB2HV7kfVMw9+LhnrUp.0;server=akswtt111000005;cloudType=Multitenant;environment=Prod_southeastasia_prod-s01-064-apac-southeastasia;migrationStage=NotStarted}
{"logTime": "0212/162847", "correlationVector":"k1PGAXvC2QiiLLKUsnWHHk","action":"Initial GetUpdates", "result":"", "context":Reason: NEW_CLIENT. cV=k1PGAXvC2QiiLLKUsnWHHk}
{"logTime": "0212/162847", "correlationVector":"k1PGAXvC2QiiLLKUsnWHHk.1","action":"SyncServerConnectionManagerRequest", "result":"SYNC_SERVER_OK", "context":{"environment":"Prod_southeastasia_prod-s01-064-apac-southeastasia", "migrationStage":"NotStarted", "server":"akswtt111000004"}}
{"logTime": "0212/162847", "correlationVector":"k1PGAXvC2QiiLLKUsnWHHk.2","action":"ProcessGetUpdates", "result":"Done", "context":{"dataType":"Autofill Profiles", "deleted":"0", "process_failed_to_decrypt":"0", "process_pending_decryption":"0", "process_success":"10", "total":"10"}}
{"logTime": "0212/162847", "correlationVector":"k1PGAXvC2QiiLLKUsnWHHk.3","action":"ProcessGetUpdates", "result":"Done", "context":{"dataType":"Autofill", "deleted":"0", "process_failed_to_decrypt":"0", "process_pending_decryption":"0", "process_success":"106", "total":"106"}}
{"logTime": "0212/162847", "correlationVector":"k1PGAXvC2QiiLLKUsnWHHk.4","action":"ProcessGetUpdates", "result":"Done", "context":{"dataType":"Sessions", "deleted":"0", "process_failed_to_decrypt":"0", "process_pending_decryption":"0", "process_success":"7", "total":"7"}}
{"logTime": "0212/162847", "correlationVector":"k1PGAXvC2QiiLLKUsnWHHk.5","action":"ProcessGetUpdates", "result":"Done", "context":{"dataType":"Edge Hub App Usage", "deleted":"0", "process_failed_to_decrypt":"0", "process_pending_decryption":"0", "process_success":"35", "total":"35"}}
{"logTime": "0212/162847", "correlationVector":"k1PGAXvC2QiiLLKUsnWHHk.6","action":"GetUpdates Response", "result":"Success", "context":Received 158 update(s). cV=k1PGAXvC2QiiLLKUsnWHHk.0;server=akswtt111000004;cloudType=Multitenant;environment=Prod_southeastasia_prod-s01-064-apac-southeastasia;migrationStage=NotStarted}
{"logTime": "0212/162847", "correlationVector":"mdadHEMXUXq+x8Ce2ZIyyZ","action":"Initial GetUpdates", "result":"", "context":Reason: NEW_CLIENT. cV=mdadHEMXUXq+x8Ce2ZIyyZ}
{"logTime": "0212/162847", "correlationVector":"mdadHEMXUXq+x8Ce2ZIyyZ.1","action":"SyncServerConnectionManagerRequest", "result":"SYNC_SERVER_OK", "context":{"environment":"Prod_southeastasia_prod-s01-064-apac-southeastasia", "migrationStage":"NotStarted", "server":"akswtt11100000d"}}
{"logTime": "0212/162847", "correlationVector":"mdadHEMXUXq+x8Ce2ZIyyZ.2","action":"ProcessGetUpdates", "result":"Done", "context":{"dataType":"History", "deleted":"0", "process_failed_to_decrypt":"0", "process_pending_decryption":"0", "process_success":"97", "total":"97"}}
{"logTime": "0212/162847", "correlationVector":"mdadHEMXUXq+x8Ce2ZIyyZ.3","action":"GetUpdates Response", "result":"Success", "context":Received 97 update(s). cV=mdadHEMXUXq+x8Ce2ZIyyZ.0;server=akswtt11100000d;cloudType=Multitenant;environment=Prod_southeastasia_prod-s01-064-apac-southeastasia;migrationStage=NotStarted}
{"logTime": "0212/162847", "correlationVector":"72Ty0ZsHG2Pc1DfCypvl1e","action":"Normal GetUpdate request", "result":"", "context":cV=72Ty0ZsHG2Pc1DfCypvl1e
Nudged types: Sessions, Device Info, User Consents
Refresh requested types: Bookmarks, Preferences, Passwords, Autofill Profiles, Autofill, Extensions, Sessions, Extension settings, History Delete Directives, Device Info, User Consents, Send Tab To Self, Web Apps, History, Saved Tab Group, WebAuthn Credentials, Collection, Edge E Drop, Edge Hub App Usage, Edge Wallet, Encryption Keys}
{"logTime": "0212/162848", "correlationVector":"72Ty0ZsHG2Pc1DfCypvl1e.1","action":"SyncServerConnectionManagerRequest", "result":"SYNC_SERVER_OK", "context":{"environment":"Prod_southeastasia_prod-s01-064-apac-southeastasia", "migrationStage":"NotStarted", "server":"akswtt111000005"}}
{"logTime": "0212/162848", "correlationVector":"72Ty0ZsHG2Pc1DfCypvl1e.2","action":"GetUpdates Response", "result":"Success", "context":Received 0 update(s). cV=72Ty0ZsHG2Pc1DfCypvl1e.0;server=akswtt111000005;cloudType=Multitenant;environment=Prod_southeastasia_prod-s01-064-apac-southeastasia;migrationStage=NotStarted}
{"logTime": "0212/162848", "correlationVector":"73Pq0t7QAw7Bg3XYOIcsPD","action":"DoCompareDataConsistency requsted types: ", "result":"Bookmarks, Preferences, Passwords, Extensions, Extension settings, History Delete Directives, Send Tab To Self, Web Apps, History, Saved Tab Group, WebAuthn Credentials, Collection, Edge E Drop, Edge Wallet, Encryption Keys"}
{"logTime": "0212/162848", "correlationVector":"73Pq0t7QAw7Bg3XYOIcsPD.0","action":"CompareDataConsistency result: ", "result":"Compare result: Encryption Keys is consistent. local entities count is: 1 local entities hash is: XKo0HKv8sc8UiEFVtvrvwzKF2rg="}
{"logTime": "0212/162848", "correlationVector":"73Pq0t7QAw7Bg3XYOIcsPD.1","action":"CompareDataConsistency result: ", "result":"Compare result: Bookmarks is consistent. local entities count is: 1 local entities hash is: sbGOKCwZH/98obNJ9gHXTVK3LsU="}
{"logTime": "0212/162848", "correlationVector":"73Pq0t7QAw7Bg3XYOIcsPD.2","action":"CompareDataConsistency result: ", "result":"Compare result: Preferences is consistent. local entities count is: 72 local entities hash is: fMa5fef6M/wbHi0+XiJ71uV4VJY="}
{"logTime": "0212/162848", "correlationVector":"73Pq0t7QAw7Bg3XYOIcsPD.3","action":"CompareDataConsistency result: ", "result":"Compare result: Passwords is consistent. local entities count is: 9 local entities hash is: hIRvQhdwPfICQM2GXGVlLRdRC1E="}
{"logTime": "0212/162848", "correlationVector":"73Pq0t7QAw7Bg3XYOIcsPD.4","action":"CompareDataConsistency result: ", "result":"Compare result: Extensions is consistent. local entities count is: 0 local entities hash is: "}
{"logTime": "0212/162848", "correlationVector":"73Pq0t7QAw7Bg3XYOIcsPD.5","action":"CompareDataConsistency result: ", "result":"Compare result: Extension settings is consistent. local entities count is: 0 local entities hash is: "}
{"logTime": "0212/162848", "correlationVector":"73Pq0t7QAw7Bg3XYOIcsPD.6","action":"CompareDataConsistency result: ", "result":"Compare result: History Delete Directives is consistent. local entities count is: 0 local entities hash is: "}
{"logTime": "0212/162848", "correlationVector":"73Pq0t7QAw7Bg3XYOIcsPD.7","action":"CompareDataConsistency result: ", "result":"Server did not send this Send Tab To Self local entities count is: 0 local entities hash is: "}
{"logTime": "0212/162848", "correlationVector":"73Pq0t7QAw7Bg3XYOIcsPD.8","action":"CompareDataConsistency result: ", "result":"Compare result: Web Apps is consistent. local entities count is: 0 local entities hash is: "}
{"logTime": "0212/162848", "correlationVector":"73Pq0t7QAw7Bg3XYOIcsPD.9","action":"CompareDataConsistency result: ", "result":"Server did not send this History local entities count is: 0 local entities hash is: "}
{"logTime": "0212/162848", "correlationVector":"73Pq0t7QAw7Bg3XYOIcsPD.10","action":"CompareDataConsistency result: ", "result":"Compare result: Saved Tab Group is consistent. local entities count is: 0 local entities hash is: "}
{"logTime": "0212/162848", "correlationVector":"73Pq0t7QAw7Bg3XYOIcsPD.11","action":"CompareDataConsistency result: ", "result":"Server did not send this WebAuthn Credentials local entities count is: 0 local entities hash is: "}
{"logTime": "0212/162848", "correlationVector":"73Pq0t7QAw7Bg3XYOIcsPD.12","action":"CompareDataConsistency result: ", "result":"Compare result: Collection is consistent. local entities count is: 0 local entities hash is: "}
{"logTime": "0212/162848", "correlationVector":"73Pq0t7QAw7Bg3XYOIcsPD.13","action":"CompareDataConsistency result: ", "result":"Compare result: Edge E Drop is consistent. local entities count is: 0 local entities hash is: "}
{"logTime": "0212/162848", "correlationVector":"73Pq0t7QAw7Bg3XYOIcsPD.14","action":"CompareDataConsistency result: ", "result":"Compare result: Edge Wallet is consistent. local entities count is: 0 local entities hash is: "}
{"logTime": "0212/162848", "correlationVector":"ZksfA86o6OLzOg4PVFmjNW","action":"Commit Request", "result":"", "context":Item count: 4
Contributing types: Sessions, Device Info, User Consents}
{"logTime": "0212/162849", "correlationVector":"ZksfA86o6OLzOg4PVFmjNW.1","action":"SyncServerConnectionManagerRequest", "result":"SYNC_SERVER_OK", "context":{"environment":"Prod_southeastasia_prod-s01-064-apac-southeastasia", "migrationStage":"NotStarted", "server":"akswtt11100000j"}}
{"logTime": "0212/162849", "correlationVector":"ZksfA86o6OLzOg4PVFmjNW.2","action":"Commit Response", "result":"Success", "context":Result: Success. cV=ZksfA86o6OLzOg4PVFmjNW.0;server=akswtt11100000j;cloudType=Multitenant;environment=Prod_southeastasia_prod-s01-064-apac-southeastasia;migrationStage=NotStarted}
{"logTime": "0212/162849", "correlationVector":"","action":"DIAGNOSTIC_REQUEST|v1/diagnosticData/Diagnostic.SendCheckResult()|SUCCESS", "result":""}
{"logTime": "0212/162849", "correlationVector":"J4/9M6miFPCoLM/DHXH+da","action":"Commit Request", "result":"", "context":Item count: 2
Contributing types: Sessions, History}
{"logTime": "0212/162849", "correlationVector":"J4/9M6miFPCoLM/DHXH+da.1","action":"SyncServerConnectionManagerRequest", "result":"SYNC_SERVER_OK", "context":{"environment":"Prod_southeastasia_prod-s01-064-apac-southeastasia", "migrationStage":"NotStarted", "server":"akswtt111000005"}}
{"logTime": "0212/162849", "correlationVector":"J4/9M6miFPCoLM/DHXH+da.2","action":"Commit Response", "result":"Success", "context":Result: Success. cV=J4/9M6miFPCoLM/DHXH+da.0;server=akswtt111000005;cloudType=Multitenant;environment=Prod_southeastasia_prod-s01-064-apac-southeastasia;migrationStage=NotStarted}
{"logTime": "0212/162853", "correlationVector":"ApNRzNVqxEXG8iu6lmvOp5","action":"Commit Request", "result":"", "context":Item count: 10
Contributing types: Preferences, Passwords, Sessions, History}
{"logTime": "0212/162854", "correlationVector":"ApNRzNVqxEXG8iu6lmvOp5.1","action":"SyncServerConnectionManagerRequest", "result":"SYNC_SERVER_OK", "context":{"environment":"Prod_southeastasia_prod-s01-064-apac-southeastasia", "migrationStage":"NotStarted", "server":"akswtt11100000u"}}
{"logTime": "0212/162854", "correlationVector":"ApNRzNVqxEXG8iu6lmvOp5.2","action":"Commit Response", "result":"Success", "context":Result: Success. cV=ApNRzNVqxEXG8iu6lmvOp5.0;server=akswtt11100000u;cloudType=Multitenant;environment=Prod_southeastasia_prod-s01-064-apac-southeastasia;migrationStage=NotStarted}
{"logTime": "0212/162942", "correlationVector":"Z4kjjJhg/p42LlsoQvIaND","action":"Commit Request", "result":"", "context":Item count: 8
Contributing types: Passwords}
{"logTime": "0212/162944", "correlationVector":"Z4kjjJhg/p42LlsoQvIaND.1","action":"SyncServerConnectionManagerRequest", "result":"SYNC_SERVER_OK", "context":{"environment":"Prod_southeastasia_prod-s01-064-apac-southeastasia", "migrationStage":"NotStarted", "server":"akswtt111000006"}}
{"logTime": "0212/162944", "correlationVector":"Z4kjjJhg/p42LlsoQvIaND.2","action":"Commit Response", "result":"Success", "context":Result: Success. cV=Z4kjjJhg/p42LlsoQvIaND.0;server=akswtt111000006;cloudType=Multitenant;environment=Prod_southeastasia_prod-s01-064-apac-southeastasia;migrationStage=NotStarted}
{"logTime": "0212/162944", "correlationVector":"fgBVNT/QWbSbB/QVNfH/fb","action":"Commit Request", "result":"", "context":Item count: 1
Contributing types: User Consents}
{"logTime": "0212/162944", "correlationVector":"fgBVNT/QWbSbB/QVNfH/fb.1","action":"SyncServerConnectionManagerRequest", "result":"SYNC_SERVER_OK", "context":{"environment":"Prod_southeastasia_prod-s01-064-apac-southeastasia", "migrationStage":"NotStarted", "server":"akswtt111000003"}}
{"logTime": "0212/162944", "correlationVector":"fgBVNT/QWbSbB/QVNfH/fb.2","action":"Commit Response", "result":"Success", "context":Result: Success. cV=fgBVNT/QWbSbB/QVNfH/fb.0;server=akswtt111000003;cloudType=Multitenant;environment=Prod_southeastasia_prod-s01-064-apac-southeastasia;migrationStage=NotStarted}
{"logTime": "0212/163055", "correlationVector":"kusLHPbX2cOZnIXYkqGK/P","action":"Commit Request", "result":"", "context":Item count: 2
Contributing types: Sessions, History}
{"logTime": "0212/163055", "correlationVector":"kusLHPbX2cOZnIXYkqGK/P.1","action":"SyncServerConnectionManagerRequest", "result":"SYNC_SERVER_OK", "context":{"environment":"Prod_southeastasia_prod-s01-064-apac-southeastasia", "migrationStage":"NotStarted", "server":"akswtt111000006"}}
{"logTime": "0212/163055", "correlationVector":"kusLHPbX2cOZnIXYkqGK/P.2","action":"Commit Response", "result":"Success", "context":Result: Success. cV=kusLHPbX2cOZnIXYkqGK/P.0;server=akswtt111000006;cloudType=Multitenant;environment=Prod_southeastasia_prod-s01-064-apac-southeastasia;migrationStage=NotStarted}
{"logTime": "0212/173118", "correlationVector":"CGmo9B/OTQhoV9PecxaJF7.1","action":"SyncServerConnectionManagerRequest", "result":"SYNC_SERVER_OK", "context":{"environment":"Prod_southeastasia_prod-s01-065-apac-southeastasia", "migrationStage":"NotStarted", "server":"akswtt111000008"}}
{"logTime": "0212/173119", "correlationVector":"CGmo9B/OTQhoV9PecxaJF7.2","action":"AAD.Mip.Unpack", "result":"Success", "context":MIP_CLOUD_COMMERCIAL:Success}
{"logTime": "0212/173119", "correlationVector":"CGmo9B/OTQhoV9PecxaJF7.3","action":"EncryptionKeysManager::SetEncryptionKeys:", "result":"Success", "context":Key names[3]:[wGFvETx8HymG5Lw/b1nksT7INrphoCoXpxiQlN0zjhwE8iOltcpdIno24Lz6SLsjTz76cEgXO4+UHud4nMVxQA==][z9fVhFWKmhTip2nL8rLS6nU56b3emBMbFDRbmrfUmHQn/SzO84E4XrMtP4KtYqB2XJK+D4/wIR8Uwc/xr2mokQ==][vSNIWMEhjN64E7P5ybzf/bMBxJ7c39ejIqKtXsOCGlpur9bhg3Lyocu8boAjXs7DmUvcWScm4qkM16whMtjJ5A==]}
{"logTime": "0212/173119", "correlationVector":"CGmo9B/OTQhoV9PecxaJF7.4","action":"AAD.GetKeyResponse", "result":"Success", "context":Keys=3.LastKeyStatus=Active. 2025-09-17 12:32:46 +08.State=None. Tags: Current_encryption_keys_tag = 77+9Kk9x77+977+9RO+/ve+/ve+/ve+/vVlD77+977+977+977+977+977+977+9cygUSHfvv71N77+9Gk8M77+9, Updated_current_encryption_keys_tag = Empty. Emails: ["jvagbulos2@student.apc.edu.ph"]}
{"logTime": "0212/173119", "correlationVector":"CGmo9B/OTQhoV9PecxaJF7.5","action":"ProcessGetUpdates", "result":"Done", "context":{"dataType":"Encryption Keys", "deleted":"0", "process_failed_to_decrypt":"0", "process_pending_decryption":"0", "process_success":"1", "total":"1"}}
{"logTime": "0212/173119", "correlationVector":"CGmo9B/OTQhoV9PecxaJF7","action":"Initial GetUpdates", "result":"", "context":Reason: NEW_CLIENT. cV=CGmo9B/OTQhoV9PecxaJF7}
{"logTime": "0212/173119", "correlationVector":"CGmo9B/OTQhoV9PecxaJF7.6","action":"GetUpdates Response", "result":"Success", "context":Received 1 update(s). cV=CGmo9B/OTQhoV9PecxaJF7.0;server=akswtt111000008;cloudType=Multitenant;environment=Prod_southeastasia_prod-s01-065-apac-southeastasia;migrationStage=NotStarted}
{"logTime": "0212/173119", "correlationVector":"R6EH5U9No+8nAd6zLL2gaL","action":"Initial GetUpdates", "result":"", "context":Reason: NEWLY_SUPPORTED_DATATYPE. cV=R6EH5U9No+8nAd6zLL2gaL}
{"logTime": "0212/173120", "correlationVector":"R6EH5U9No+8nAd6zLL2gaL.1","action":"SyncServerConnectionManagerRequest", "result":"SYNC_SERVER_OK", "context":{"environment":"Prod_southeastasia_prod-s01-065-apac-southeastasia", "migrationStage":"NotStarted", "server":"akswtt11100000i"}}
{"logTime": "0212/173120", "correlationVector":"R6EH5U9No+8nAd6zLL2gaL.2","action":"ProcessGetUpdates", "result":"Done", "context":{"dataType":"Passwords", "deleted":"0", "process_failed_to_decrypt":"0", "process_pending_decryption":"0", "process_success":"9", "total":"9"}}
{"logTime": "0212/173120", "correlationVector":"R6EH5U9No+8nAd6zLL2gaL.3","action":"GetUpdates Response", "result":"Success", "context":Received 9 update(s). cV=R6EH5U9No+8nAd6zLL2gaL.0;server=akswtt11100000i;cloudType=Multitenant;environment=Prod_southeastasia_prod-s01-065-apac-southeastasia;migrationStage=NotStarted}
{"logTime": "0212/173120", "correlationVector":"staC7mVCk9aHCcys2VnnU4","action":"Normal GetUpdate request", "result":"", "context":cV=staC7mVCk9aHCcys2VnnU4
Nudged types: Sessions, Device Info, History
Refresh requested types: Bookmarks, Preferences, Passwords, Autofill Profiles, Autofill, Extensions, Sessions, Extension settings, History Delete Directives, Device Info, User Consents, Send Tab To Self, Web Apps, History, Saved Tab Group, WebAuthn Credentials, Collection, Edge E Drop, Edge Hub App Usage, Edge Wallet, Encryption Keys}
{"logTime": "0212/173120", "correlationVector":"staC7mVCk9aHCcys2VnnU4.1","action":"SyncServerConnectionManagerRequest", "result":"SYNC_SERVER_OK", "context":{"environment":"Prod_southeastasia_prod-s01-065-apac-southeastasia", "migrationStage":"NotStarted", "server":"akswtt11100000m"}}
{"logTime": "0212/173120", "correlationVector":"staC7mVCk9aHCcys2VnnU4.2","action":"ProcessGetUpdates", "result":"Done", "context":{"dataType":"Preferences", "deleted":"0", "process_failed_to_decrypt":"0", "process_pending_decryption":"0", "process_success":"1", "total":"1"}}
{"logTime": "0212/173120", "correlationVector":"staC7mVCk9aHCcys2VnnU4.3","action":"ProcessGetUpdates", "result":"Done", "context":{"dataType":"Sessions", "deleted":"0", "process_failed_to_decrypt":"0", "process_pending_decryption":"0", "process_success":"2", "total":"2"}}
{"logTime": "0212/173120", "correlationVector":"staC7mVCk9aHCcys2VnnU4.4","action":"ProcessGetUpdates", "result":"Done", "context":{"dataType":"Device Info", "deleted":"0", "process_failed_to_decrypt":"0", "process_pending_decryption":"0", "process_success":"1", "total":"1"}}
{"logTime": "0212/173120", "correlationVector":"staC7mVCk9aHCcys2VnnU4.5","action":"ProcessGetUpdates", "result":"Done", "context":{"dataType":"History", "deleted":"0", "process_failed_to_decrypt":"0", "process_pending_decryption":"0", "process_success":"1", "total":"1"}}
{"logTime": "0212/173120", "correlationVector":"staC7mVCk9aHCcys2VnnU4.6","action":"GetUpdates Response", "result":"Success", "context":Received 5 update(s). cV=staC7mVCk9aHCcys2VnnU4.0;server=akswtt11100000m;cloudType=Multitenant;environment=Prod_southeastasia_prod-s01-065-apac-southeastasia;migrationStage=NotStarted}
{"logTime": "0212/173120", "correlationVector":"27QEdrS5EEqx81LgNEVyWZ","action":"Commit Request", "result":"", "context":Item count: 6
Contributing types: Sessions, Device Info, History}
{"logTime": "0212/173121", "correlationVector":"27QEdrS5EEqx81LgNEVyWZ.1","action":"SyncServerConnectionManagerRequest", "result":"SYNC_SERVER_OK", "context":{"environment":"Prod_southeastasia_prod-s01-065-apac-southeastasia", "migrationStage":"NotStarted", "server":"akswtt111000009"}}
{"logTime": "0212/173121", "correlationVector":"27QEdrS5EEqx81LgNEVyWZ.3","action":"Commit.Sessions", "result":"Success", "context":{"id":"885cb792-44c8-4735-b6be-88f2e10b2ddb", "isDeleted":"true", "size":"0", "version":"1770913849373"}}
{"logTime": "0212/173121", "correlationVector":"27QEdrS5EEqx81LgNEVyWZ.2","action":"Commit Response", "result":"Success", "context":Result: Success. cV=27QEdrS5EEqx81LgNEVyWZ.0;server=akswtt111000009;cloudType=Multitenant;environment=Prod_southeastasia_prod-s01-065-apac-southeastasia;migrationStage=NotStarted}
{"logTime": "0212/173128", "correlationVector":"OVpLiyYyIekWWyzwxu7UIK","action":"Commit Request", "result":"", "context":Item count: 3
Contributing types: Preferences, Sessions, History}
{"logTime": "0212/173130", "correlationVector":"OVpLiyYyIekWWyzwxu7UIK.1","action":"SyncServerConnectionManagerRequest", "result":"SYNC_SERVER_OK", "context":{"environment":"Prod_southeastasia_prod-s01-065-apac-southeastasia", "migrationStage":"NotStarted", "server":"akswtt11100000j"}}
{"logTime": "0212/173130", "correlationVector":"OVpLiyYyIekWWyzwxu7UIK.2","action":"Commit Response", "result":"Success", "context":Result: Success. cV=OVpLiyYyIekWWyzwxu7UIK.0;server=akswtt11100000j;cloudType=Multitenant;environment=Prod_southeastasia_prod-s01-065-apac-southeastasia;migrationStage=NotStarted}
{"logTime": "0212/173134", "correlationVector":"rTRRWDvjHNaFz/e3DxgwJR","action":"Commit Request", "result":"", "context":Item count: 8
Contributing types: Preferences, Passwords}
{"logTime": "0212/173135", "correlationVector":"rTRRWDvjHNaFz/e3DxgwJR.1","action":"SyncServerConnectionManagerRequest", "result":"SYNC_SERVER_OK", "context":{"environment":"Prod_southeastasia_prod-s01-065-apac-southeastasia", "migrationStage":"NotStarted", "server":"akswtt11100000j"}}
{"logTime": "0212/173135", "correlationVector":"rTRRWDvjHNaFz/e3DxgwJR.2","action":"Commit Response", "result":"Success", "context":Result: Success. cV=rTRRWDvjHNaFz/e3DxgwJR.0;server=akswtt11100000j;cloudType=Multitenant;environment=Prod_southeastasia_prod-s01-065-apac-southeastasia;migrationStage=NotStarted}
{"logTime": "0212/173237", "correlationVector":"+lgMc+mWY7LQEWt1OtWXPa","action":"Commit Request", "result":"", "context":Item count: 1
Contributing types: History}
{"logTime": "0212/173237", "correlationVector":"+lgMc+mWY7LQEWt1OtWXPa.1","action":"SyncServerConnectionManagerRequest", "result":"SYNC_SERVER_OK", "context":{"environment":"Prod_southeastasia_prod-s01-064-apac-southeastasia", "migrationStage":"NotStarted", "server":"akswtt111000000"}}
{"logTime": "0212/173237", "correlationVector":"+lgMc+mWY7LQEWt1OtWXPa.2","action":"Commit Response", "result":"Success", "context":Result: Success. cV=+lgMc+mWY7LQEWt1OtWXPa.0;server=akswtt111000000;cloudType=Multitenant;environment=Prod_southeastasia_prod-s01-064-apac-southeastasia;migrationStage=NotStarted}
{"logTime": "0212/173820", "correlationVector":"1Ovj5ShA5Biut8Jiz4SO73.1","action":"SyncServerConnectionManagerRequest", "result":"SYNC_SERVER_OK", "context":{"environment":"Prod_southeastasia_prod-s01-065-apac-southeastasia", "migrationStage":"NotStarted", "server":"akswtt111000012"}}
{"logTime": "0212/173822", "correlationVector":"1Ovj5ShA5Biut8Jiz4SO73.2","action":"AAD.Mip.Unpack", "result":"Success", "context":MIP_CLOUD_COMMERCIAL:Success}
{"logTime": "0212/173822", "correlationVector":"1Ovj5ShA5Biut8Jiz4SO73.3","action":"EncryptionKeysManager::SetEncryptionKeys:", "result":"Success", "context":Key names[3]:[wGFvETx8HymG5Lw/b1nksT7INrphoCoXpxiQlN0zjhwE8iOltcpdIno24Lz6SLsjTz76cEgXO4+UHud4nMVxQA==][z9fVhFWKmhTip2nL8rLS6nU56b3emBMbFDRbmrfUmHQn/SzO84E4XrMtP4KtYqB2XJK+D4/wIR8Uwc/xr2mokQ==][vSNIWMEhjN64E7P5ybzf/bMBxJ7c39ejIqKtXsOCGlpur9bhg3Lyocu8boAjXs7DmUvcWScm4qkM16whMtjJ5A==]}
{"logTime": "0212/173822", "correlationVector":"1Ovj5ShA5Biut8Jiz4SO73.4","action":"AAD.GetKeyResponse", "result":"Success", "context":Keys=3.LastKeyStatus=Active. 2025-09-17 12:32:46 +08.State=None. Tags: Current_encryption_keys_tag = 77+9Kk9x77+977+9RO+/ve+/ve+/ve+/vVlD77+977+977+977+977+977+977+9cygUSHfvv71N77+9Gk8M77+9, Updated_current_encryption_keys_tag = Empty. Emails: ["jvagbulos2@student.apc.edu.ph"]}
{"logTime": "0212/173822", "correlationVector":"1Ovj5ShA5Biut8Jiz4SO73.5","action":"ProcessGetUpdates", "result":"Done", "context":{"dataType":"Encryption Keys", "deleted":"0", "process_failed_to_decrypt":"0", "process_pending_decryption":"0", "process_success":"1", "total":"1"}}
{"logTime": "0212/173822", "correlationVector":"1Ovj5ShA5Biut8Jiz4SO73","action":"Initial GetUpdates", "result":"", "context":Reason: NEW_CLIENT. cV=1Ovj5ShA5Biut8Jiz4SO73}
{"logTime": "0212/173822", "correlationVector":"1Ovj5ShA5Biut8Jiz4SO73.6","action":"GetUpdates Response", "result":"Success", "context":Received 1 update(s). cV=1Ovj5ShA5Biut8Jiz4SO73.0;server=akswtt111000012;cloudType=Multitenant;environment=Prod_southeastasia_prod-s01-065-apac-southeastasia;migrationStage=NotStarted}
{"logTime": "0212/173822", "correlationVector":"MoVZ1kkV06/dBzEK8XPXMG","action":"Initial GetUpdates", "result":"", "context":Reason: NEWLY_SUPPORTED_DATATYPE. cV=MoVZ1kkV06/dBzEK8XPXMG}
{"logTime": "0212/173823", "correlationVector":"MoVZ1kkV06/dBzEK8XPXMG.1","action":"SyncServerConnectionManagerRequest", "result":"SYNC_SERVER_OK", "context":{"environment":"Prod_southeastasia_prod-s01-064-apac-southeastasia", "migrationStage":"NotStarted", "server":"akswtt111000001"}}
{"logTime": "0212/173823", "correlationVector":"MoVZ1kkV06/dBzEK8XPXMG.2","action":"ProcessGetUpdates", "result":"Done", "context":{"dataType":"Preferences", "deleted":"0", "process_failed_to_decrypt":"0", "process_pending_decryption":"0", "process_success":"72", "total":"72"}}
{"logTime": "0212/173823", "correlationVector":"MoVZ1kkV06/dBzEK8XPXMG.3","action":"ProcessGetUpdates", "result":"Done", "context":{"dataType":"Passwords", "deleted":"0", "process_failed_to_decrypt":"0", "process_pending_decryption":"0", "process_success":"9", "total":"9"}}
{"logTime": "0212/173823", "correlationVector":"MoVZ1kkV06/dBzEK8XPXMG.4","action":"ProcessGetUpdates", "result":"Done", "context":{"dataType":"Device Info", "deleted":"0", "process_failed_to_decrypt":"0", "process_pending_decryption":"0", "process_success":"9", "total":"9"}}
{"logTime": "0212/173823", "correlationVector":"MoVZ1kkV06/dBzEK8XPXMG.5","action":"GetUpdates Response", "result":"Success", "context":Received 90 update(s). cV=MoVZ1kkV06/dBzEK8XPXMG.0;server=akswtt111000001;cloudType=Multitenant;environment=Prod_southeastasia_prod-s01-064-apac-southeastasia;migrationStage=NotStarted}
{"logTime": "0212/173823", "correlationVector":"MK8Q6Ki3RBQZ0vNBUbcs6r","action":"Initial GetUpdates", "result":"", "context":Reason: NEWLY_SUPPORTED_DATATYPE. cV=MK8Q6Ki3RBQZ0vNBUbcs6r}
{"logTime": "0212/173823", "correlationVector":"MK8Q6Ki3RBQZ0vNBUbcs6r.1","action":"SyncServerConnectionManagerRequest", "result":"SYNC_SERVER_OK", "context":{"environment":"Prod_southeastasia_prod-s01-064-apac-southeastasia", "migrationStage":"NotStarted", "server":"akswtt111000003"}}
{"logTime": "0212/173823", "correlationVector":"MK8Q6Ki3RBQZ0vNBUbcs6r.2","action":"ProcessGetUpdates", "result":"Done", "context":{"dataType":"Bookmarks", "deleted":"0", "process_failed_to_decrypt":"0", "process_pending_decryption":"0", "process_success":"7", "total":"7"}}
{"logTime": "0212/173823", "correlationVector":"MK8Q6Ki3RBQZ0vNBUbcs6r.3","action":"GetUpdates Response", "result":"Success", "context":Received 7 update(s). cV=MK8Q6Ki3RBQZ0vNBUbcs6r.0;server=akswtt111000003;cloudType=Multitenant;environment=Prod_southeastasia_prod-s01-064-apac-southeastasia;migrationStage=NotStarted}
{"logTime": "0212/173823", "correlationVector":"URMMQsyw1coAy6T2g9r44R","action":"Initial GetUpdates", "result":"", "context":Reason: NEWLY_SUPPORTED_DATATYPE. cV=URMMQsyw1coAy6T2g9r44R}
{"logTime": "0212/173824", "correlationVector":"URMMQsyw1coAy6T2g9r44R.1","action":"SyncServerConnectionManagerRequest", "result":"SYNC_SERVER_OK", "context":{"environment":"Prod_southeastasia_prod-s01-064-apac-southeastasia", "migrationStage":"NotStarted", "server":"akswtt11100000a"}}
{"logTime": "0212/173824", "correlationVector":"URMMQsyw1coAy6T2g9r44R.2","action":"ProcessGetUpdates", "result":"Done", "context":{"dataType":"Autofill Profiles", "deleted":"0", "process_failed_to_decrypt":"0", "process_pending_decryption":"0", "process_success":"10", "total":"10"}}
{"logTime": "0212/173824", "correlationVector":"URMMQsyw1coAy6T2g9r44R.3","action":"ProcessGetUpdates", "result":"Done", "context":{"dataType":"Autofill", "deleted":"0", "process_failed_to_decrypt":"0", "process_pending_decryption":"0", "process_success":"106", "total":"106"}}
{"logTime": "0212/173824", "correlationVector":"URMMQsyw1coAy6T2g9r44R.4","action":"ProcessGetUpdates", "result":"Done", "context":{"dataType":"Sessions", "deleted":"29", "process_failed_to_decrypt":"0", "process_pending_decryption":"0", "process_success":"38", "total":"38"}}
{"logTime": "0212/173824", "correlationVector":"URMMQsyw1coAy6T2g9r44R.5","action":"ProcessGetUpdates", "result":"Done", "context":{"dataType":"Edge Hub App Usage", "deleted":"7", "process_failed_to_decrypt":"0", "process_pending_decryption":"0", "process_success":"42", "total":"42"}}
{"logTime": "0212/173824", "correlationVector":"URMMQsyw1coAy6T2g9r44R.6","action":"GetUpdates Response", "result":"Success", "context":Received 196 update(s). cV=URMMQsyw1coAy6T2g9r44R.0;server=akswtt11100000a;cloudType=Multitenant;environment=Prod_southeastasia_prod-s01-064-apac-southeastasia;migrationStage=NotStarted}
{"logTime": "0212/173824", "correlationVector":"cUeUFDmntnQTdbAfQZ6MEZ","action":"Initial GetUpdates", "result":"", "context":Reason: NEWLY_SUPPORTED_DATATYPE. cV=cUeUFDmntnQTdbAfQZ6MEZ}
{"logTime": "0212/173824", "correlationVector":"cUeUFDmntnQTdbAfQZ6MEZ.1","action":"SyncServerConnectionManagerRequest", "result":"SYNC_SERVER_OK", "context":{"environment":"Prod_southeastasia_prod-s01-064-apac-southeastasia", "migrationStage":"NotStarted", "server":"akswtt111000004"}}
{"logTime": "0212/173824", "correlationVector":"cUeUFDmntnQTdbAfQZ6MEZ.2","action":"ProcessGetUpdates", "result":"Done", "context":{"dataType":"History", "deleted":"0", "process_failed_to_decrypt":"0", "process_pending_decryption":"0", "process_success":"99", "total":"99"}}
{"logTime": "0212/173824", "correlationVector":"cUeUFDmntnQTdbAfQZ6MEZ.3","action":"GetUpdates Response", "result":"Success", "context":Received 99 update(s). cV=cUeUFDmntnQTdbAfQZ6MEZ.0;server=akswtt111000004;cloudType=Multitenant;environment=Prod_southeastasia_prod-s01-064-apac-southeastasia;migrationStage=NotStarted}
{"logTime": "0212/173824", "correlationVector":"zUCNorWwRvxF8pz95qSVxD","action":"Normal GetUpdate request", "result":"", "context":cV=zUCNorWwRvxF8pz95qSVxD
Nudged types: Sessions, Device Info
Refresh requested types: Bookmarks, Preferences, Passwords, Autofill Profiles, Autofill, Extensions, Sessions, Extension settings, History Delete Directives, Device Info, User Consents, Send Tab To Self, Web Apps, History, Saved Tab Group, WebAuthn Credentials, Collection, Edge E Drop, Edge Hub App Usage, Edge Wallet, Encryption Keys}
{"logTime": "0212/173824", "correlationVector":"zUCNorWwRvxF8pz95qSVxD.1","action":"SyncServerConnectionManagerRequest", "result":"SYNC_SERVER_OK", "context":{"environment":"Prod_southeastasia_prod-s01-064-apac-southeastasia", "migrationStage":"NotStarted", "server":"akswtt111000001"}}
{"logTime": "0212/173824", "correlationVector":"zUCNorWwRvxF8pz95qSVxD.2","action":"GetUpdates Response", "result":"Success", "context":Received 0 update(s). cV=zUCNorWwRvxF8pz95qSVxD.0;server=akswtt111000001;cloudType=Multitenant;environment=Prod_southeastasia_prod-s01-064-apac-southeastasia;migrationStage=NotStarted}
{"logTime": "0212/173824", "correlationVector":"96zI5qirU75Shl0L87M1Af","action":"Commit Request", "result":"", "context":Item count: 3
Contributing types: Sessions, Device Info}
{"logTime": "0212/173825", "correlationVector":"96zI5qirU75Shl0L87M1Af.1","action":"SyncServerConnectionManagerRequest", "result":"SYNC_SERVER_OK", "context":{"environment":"Prod_southeastasia_prod-s01-064-apac-southeastasia", "migrationStage":"NotStarted", "server":"akswtt111000001"}}
{"logTime": "0212/173825", "correlationVector":"96zI5qirU75Shl0L87M1Af.2","action":"Commit Response", "result":"Success", "context":Result: Success. cV=96zI5qirU75Shl0L87M1Af.0;server=akswtt111000001;cloudType=Multitenant;environment=Prod_southeastasia_prod-s01-064-apac-southeastasia;migrationStage=NotStarted}
{"logTime": "0212/173825", "correlationVector":"wE4pj31s+ObRkDbsDdyOl2","action":"Commit Request", "result":"", "context":Item count: 2
Contributing types: Sessions, History}
{"logTime": "0212/173826", "correlationVector":"wE4pj31s+ObRkDbsDdyOl2.1","action":"SyncServerConnectionManagerRequest", "result":"SYNC_SERVER_OK", "context":{"environment":"Prod_southeastasia_prod-s01-064-apac-southeastasia", "migrationStage":"NotStarted", "server":"akswtt111000003"}}
{"logTime": "0212/173826", "correlationVector":"wE4pj31s+ObRkDbsDdyOl2.2","action":"Commit Response", "result":"Success", "context":Result: Success. cV=wE4pj31s+ObRkDbsDdyOl2.0;server=akswtt111000003;cloudType=Multitenant;environment=Prod_southeastasia_prod-s01-064-apac-southeastasia;migrationStage=NotStarted}
{"logTime": "0212/173832", "correlationVector":"l0jOjpPVJhID72jucTeFGz","action":"Commit Request", "result":"", "context":Item count: 9
Contributing types: Preferences, Passwords, Sessions}
{"logTime": "0212/173833", "correlationVector":"l0jOjpPVJhID72jucTeFGz.1","action":"SyncServerConnectionManagerRequest", "result":"SYNC_SERVER_OK", "context":{"environment":"Prod_southeastasia_prod-s01-065-apac-southeastasia", "migrationStage":"NotStarted", "server":"akswtt11100000v"}}
{"logTime": "0212/173833", "correlationVector":"l0jOjpPVJhID72jucTeFGz.2","action":"Commit Response", "result":"Success", "context":Result: Success. cV=l0jOjpPVJhID72jucTeFGz.0;server=akswtt11100000v;cloudType=Multitenant;environment=Prod_southeastasia_prod-s01-065-apac-southeastasia;migrationStage=NotStarted}
{"logTime": "0212/173933", "correlationVector":"KYXkpkmVihls/bMEkCG4I4","action":"Commit Request", "result":"", "context":Item count: 2
Contributing types: Sessions, History}
{"logTime": "0212/173934", "correlationVector":"KYXkpkmVihls/bMEkCG4I4.1","action":"SyncServerConnectionManagerRequest", "result":"SYNC_SERVER_OK", "context":{"environment":"Prod_southeastasia_prod-s01-064-apac-southeastasia", "migrationStage":"NotStarted", "server":"akswtt11100000i"}}
{"logTime": "0212/173934", "correlationVector":"KYXkpkmVihls/bMEkCG4I4.2","action":"Commit Response", "result":"Success", "context":Result: Success. cV=KYXkpkmVihls/bMEkCG4I4.0;server=akswtt11100000i;cloudType=Multitenant;environment=Prod_southeastasia_prod-s01-064-apac-southeastasia;migrationStage=NotStarted}
