2026-02-12 16:28:42.532: [INFO][Sync] Reset engine, reason: 8
2026-02-12 16:28:42.532: [INFO][Sync] Stopped: Bookmarks
2026-02-12 16:28:42.532: [INFO][Sync] Stopped: Preferences
2026-02-12 16:28:42.532: [INFO][Sync] Stopped: Passwords
2026-02-12 16:28:42.532: [INFO][Sync] Stopped: Autofill Profiles
2026-02-12 16:28:42.532: [INFO][Sync] Stopped: Autofill
2026-02-12 16:28:42.532: [INFO][Sync] Stopped: Extensions
2026-02-12 16:28:42.532: [INFO][Sync] Stopped: Sessions
2026-02-12 16:28:42.532: [INFO][Sync] Stopped: Extension settings
2026-02-12 16:28:42.532: [INFO][Sync] Stopped: History Delete Directives
2026-02-12 16:28:42.532: [INFO][Sync] Stopped: Device Info
2026-02-12 16:28:42.532: [INFO][Sync] Stopped: User Consents
2026-02-12 16:28:42.532: [INFO][Sync] Stopped: Send Tab To Self
2026-02-12 16:28:42.532: [INFO][Sync] Stopped: Web Apps
2026-02-12 16:28:42.532: [INFO][Sync] Stopped: History
2026-02-12 16:28:42.532: [INFO][Sync] Stopped: Saved Tab Group
2026-02-12 16:28:42.532: [INFO][Sync] Stopped: WebAuthn Credentials
2026-02-12 16:28:42.532: [INFO][Sync] Stopped: Collection
2026-02-12 16:28:42.532: [INFO][Sync] Stopped: Edge E Drop
2026-02-12 16:28:42.532: [INFO][Sync] Stopped: Edge Hub App Usage
2026-02-12 16:28:42.532: [INFO][Sync] Stopped: Edge Wallet
2026-02-12 16:28:42.532: [INFO][Sync] SyncState after authenticated was: NotSignedIn
2026-02-12 16:28:42.765: [INFO][Sync] Reset engine, reason: 8
2026-02-12 16:28:42.765: [INFO][Sync] Stopped: Bookmarks
2026-02-12 16:28:42.765: [INFO][Sync] Stopped: Preferences
2026-02-12 16:28:42.765: [INFO][Sync] Stopped: Passwords
2026-02-12 16:28:42.765: [INFO][Sync] Stopped: Autofill Profiles
2026-02-12 16:28:42.765: [INFO][Sync] Stopped: Autofill
2026-02-12 16:28:42.765: [INFO][Sync] Stopped: Extensions
2026-02-12 16:28:42.765: [INFO][Sync] Stopped: Sessions
2026-02-12 16:28:42.765: [INFO][Sync] Stopped: Extension settings
2026-02-12 16:28:42.765: [INFO][Sync] Stopped: History Delete Directives
2026-02-12 16:28:42.765: [INFO][Sync] Stopped: Device Info
2026-02-12 16:28:42.765: [INFO][Sync] Stopped: User Consents
2026-02-12 16:28:42.765: [INFO][Sync] Stopped: Send Tab To Self
2026-02-12 16:28:42.765: [INFO][Sync] Stopped: Web Apps
2026-02-12 16:28:42.765: [INFO][Sync] Stopped: History
2026-02-12 16:28:42.765: [INFO][Sync] Stopped: Saved Tab Group
2026-02-12 16:28:42.765: [INFO][Sync] Stopped: WebAuthn Credentials
2026-02-12 16:28:42.765: [INFO][Sync] Stopped: Collection
2026-02-12 16:28:42.765: [INFO][Sync] Stopped: Edge E Drop
2026-02-12 16:28:42.765: [INFO][Sync] Stopped: Edge Hub App Usage
2026-02-12 16:28:42.765: [INFO][Sync] Stopped: Edge Wallet
2026-02-12 16:28:43.487: [INFO][Sync] Try to start sync engine
2026-02-12 16:28:43.489: [INFO][SyncAuthManager::SetLastAuthError] Current auth error: None
2026-02-12 16:28:43.489: [INFO][SyncAuthManager::EdgeLogTokenErrorState] Token error with: None for account type: AAD
2026-02-12 16:28:43.489: [INFO][Sync] Credentials changed for: EdgeSyncKeyDataScope
2026-02-12 16:28:43.490: [INFO][SyncManagerImpl::NudgeForInitialDownload] Initial download nudge for Encryption Keys
2026-02-12 16:28:43.490: [INFO][SyncEngineBackend::LoadAndConnectNigoriController] Load and connect Nigori controller
2026-02-12 16:28:43.490: [INFO][SyncEngineBackend::DoInitialize] Control Types added: Encryption Keys
2026-02-12 16:28:43.490: [INFO][SyncManagerImpl::ConfigureSyncer] Types to download: Encryption Keys with reason: 3
2026-02-12 16:28:43.490: [INFO][SyncEngineBackend::DoUpdateKeyDataCredentials] Update key data credentials
2026-02-12 16:28:43.490: [INFO][SyncSchedulerImpl::DoConfigurationSyncCycleJob] Configure job was blocked
2026-02-12 16:28:43.500: [INFO][SyncAuthManager::SetLastAuthError] Current auth error: None
2026-02-12 16:28:43.500: [INFO][SyncAuthManager::EdgeLogTokenErrorState] Token error with: None for account type: AAD
2026-02-12 16:28:43.500: [INFO][Sync] Credentials changed for: EdgeSyncScopeNew
2026-02-12 16:28:43.500: [INFO][SyncEngineBackend::DoUpdateCredentials] Update credentials
2026-02-12 16:28:43.500: [INFO][SyncEngineBackend::DoUpdateKeyDataCredentials] Update key data credentials
2026-02-12 16:28:43.500: [INFO][SyncSchedulerImpl::DoConfigurationSyncCycleJob] Blocked types:  and types to download: Encryption Keys
2026-02-12 16:28:46.436: [INFO][Sync] Started DataTypeManager configuration, reason: 4
2026-02-12 16:28:46.436: [INFO][Sync] Configuring for: Bookmarks, Preferences, Passwords, Autofill Profiles, Autofill, Extensions, Sessions, Extension settings, History Delete Directives, Device Info, User Consents, Send Tab To Self, Web Apps, History, Saved Tab Group, WebAuthn Credentials, Collection, Edge E Drop, Edge Hub App Usage, Edge Wallet, Encryption Keys, reason: 3, current state: 0
2026-02-12 16:28:46.436: [INFO][SyncEngineBackend::DoStartConfiguration] Start configuration
2026-02-12 16:28:46.437: [INFO][Sync] Configure, desired: Bookmarks, Preferences, Passwords, Autofill Profiles, Autofill, Extensions, Sessions, Extension settings, History Delete Directives, Device Info, User Consents, Send Tab To Self, Web Apps, History, Saved Tab Group, WebAuthn Credentials, Collection, Edge E Drop, Edge Hub App Usage, Edge Wallet, Encryption Keys; Allow fail: 
2026-02-12 16:28:46.437: [INFO][Sync] Loading: Bookmarks
2026-02-12 16:28:46.437: [INFO][Sync] Loading: Preferences
2026-02-12 16:28:46.437: [INFO][Sync] Loading: Passwords
2026-02-12 16:28:46.437: [INFO][Sync] Loading: Autofill Profiles
2026-02-12 16:28:46.437: [INFO][Sync] Loading: Autofill
2026-02-12 16:28:46.437: [INFO][Sync] Loading: Extensions
2026-02-12 16:28:46.437: [INFO][Sync] Loading: Sessions
2026-02-12 16:28:46.437: [INFO][Sync] Loading: Extension settings
2026-02-12 16:28:46.437: [INFO][Sync] Loading: History Delete Directives
2026-02-12 16:28:46.437: [INFO][Sync] Loading: Device Info
2026-02-12 16:28:46.437: [INFO][Sync] Loading: User Consents
2026-02-12 16:28:46.437: [INFO][Sync] Loading: Send Tab To Self
2026-02-12 16:28:46.437: [INFO][Sync] Loading: Web Apps
2026-02-12 16:28:46.437: [INFO][Sync] Loading: History
2026-02-12 16:28:46.437: [INFO][Sync] Loading: Saved Tab Group
2026-02-12 16:28:46.437: [INFO][Sync] Loading: WebAuthn Credentials
2026-02-12 16:28:46.437: [INFO][Sync] Loading: Collection
2026-02-12 16:28:46.437: [INFO][Sync] Loading: Edge E Drop
2026-02-12 16:28:46.437: [INFO][Sync] Loading: Edge Hub App Usage
2026-02-12 16:28:46.437: [INFO][Sync] Loading: Edge Wallet
2026-02-12 16:28:46.439: [INFO][Sync] All data types are ready for configure.
2026-02-12 16:28:46.439: [INFO][SyncManagerImpl::NudgeForInitialDownload] Initial download nudge for Bookmarks
2026-02-12 16:28:46.439: [INFO][SyncManagerImpl::NudgeForInitialDownload] Initial download nudge for Preferences
2026-02-12 16:28:46.439: [INFO][SyncManagerImpl::NudgeForInitialDownload] Initial download nudge for Passwords
2026-02-12 16:28:46.439: [INFO][SyncManagerImpl::NudgeForInitialDownload] Initial download nudge for Autofill Profiles
2026-02-12 16:28:46.439: [INFO][SyncManagerImpl::NudgeForInitialDownload] Initial download nudge for Autofill
2026-02-12 16:28:46.439: [INFO][SyncManagerImpl::NudgeForInitialDownload] Initial download nudge for Extensions
2026-02-12 16:28:46.439: [INFO][SyncManagerImpl::NudgeForInitialDownload] Initial download nudge for Sessions
2026-02-12 16:28:46.439: [INFO][SyncManagerImpl::NudgeForInitialDownload] Initial download nudge for Extension settings
2026-02-12 16:28:46.439: [INFO][SyncManagerImpl::NudgeForInitialDownload] Initial download nudge for History Delete Directives
2026-02-12 16:28:46.439: [INFO][SyncManagerImpl::NudgeForInitialDownload] Initial download nudge for Device Info
2026-02-12 16:28:46.439: [INFO][SyncManagerImpl::NudgeForInitialDownload] Initial download nudge for Send Tab To Self
2026-02-12 16:28:46.439: [INFO][SyncManagerImpl::NudgeForInitialDownload] Initial download nudge for Web Apps
2026-02-12 16:28:46.439: [INFO][SyncManagerImpl::NudgeForInitialDownload] Initial download nudge for History
2026-02-12 16:28:46.439: [INFO][SyncManagerImpl::NudgeForInitialDownload] Initial download nudge for Saved Tab Group
2026-02-12 16:28:46.439: [INFO][SyncManagerImpl::NudgeForInitialDownload] Initial download nudge for WebAuthn Credentials
2026-02-12 16:28:46.439: [INFO][SyncManagerImpl::NudgeForInitialDownload] Initial download nudge for Collection
2026-02-12 16:28:46.439: [INFO][SyncManagerImpl::NudgeForInitialDownload] Initial download nudge for Edge E Drop
2026-02-12 16:28:46.439: [INFO][SyncManagerImpl::NudgeForInitialDownload] Initial download nudge for Edge Hub App Usage
2026-02-12 16:28:46.439: [INFO][SyncManagerImpl::NudgeForInitialDownload] Initial download nudge for Edge Wallet
2026-02-12 16:28:46.439: [INFO][SyncManagerImpl::ConfigureSyncer] Types to download:  with reason: 3
2026-02-12 16:28:46.439: [INFO][SyncEngineBackend::DoFinishConfigureDataTypes] Failed to download types:  and succeeded types: 
2026-02-12 16:28:46.439: [INFO][Sync] ConfigurationDone, failed: , succeeded: , remaining count: 4
2026-02-12 16:28:46.439: [INFO][Sync] Prepare to configure types: Preferences, Passwords, Device Info, Send Tab To Self, Edge E Drop, Encryption Keys
2026-02-12 16:28:46.439: [INFO][SyncManagerImpl::ConfigureSyncer] Types to download: Preferences, Passwords, Device Info, Send Tab To Self, Edge E Drop, Encryption Keys with reason: 3
2026-02-12 16:28:46.439: [INFO][SyncSchedulerImpl::DoConfigurationSyncCycleJob] Blocked types:  and types to download: Preferences, Passwords, Device Info, Send Tab To Self, Edge E Drop, Encryption Keys
2026-02-12 16:28:46.944: [INFO][SyncEngineBackend::DoFinishConfigureDataTypes] Failed to download types:  and succeeded types: Preferences, Passwords, Device Info, Send Tab To Self, Edge E Drop, Encryption Keys
2026-02-12 16:28:46.945: [INFO][Sync] ConfigurationDone, failed: , succeeded: Preferences, Passwords, Device Info, Send Tab To Self, Edge E Drop, Encryption Keys, remaining count: 3
2026-02-12 16:28:46.945: [INFO][Sync] Prepare to configure types: Bookmarks, Encryption Keys
2026-02-12 16:28:46.945: [INFO][SyncManagerImpl::ConfigureSyncer] Types to download: Bookmarks, Encryption Keys with reason: 3
2026-02-12 16:28:46.945: [INFO][SyncSchedulerImpl::DoConfigurationSyncCycleJob] Blocked types:  and types to download: Bookmarks, Encryption Keys
2026-02-12 16:28:47.194: [INFO][SyncEngineBackend::DoFinishConfigureDataTypes] Failed to download types:  and succeeded types: Bookmarks, Encryption Keys
2026-02-12 16:28:47.204: [INFO][Sync] ConfigurationDone, failed: , succeeded: Bookmarks, Encryption Keys, remaining count: 2
2026-02-12 16:28:47.204: [INFO][Sync] Prepare to configure types: Autofill Profiles, Autofill, Extensions, Sessions, Extension settings, History Delete Directives, Web Apps, Saved Tab Group, WebAuthn Credentials, Collection, Edge Hub App Usage, Edge Wallet, Encryption Keys
2026-02-12 16:28:47.204: [INFO][SyncManagerImpl::ConfigureSyncer] Types to download: Autofill Profiles, Autofill, Extensions, Sessions, Extension settings, History Delete Directives, Web Apps, Saved Tab Group, WebAuthn Credentials, Collection, Edge Hub App Usage, Edge Wallet, Encryption Keys with reason: 3
2026-02-12 16:28:47.204: [INFO][SyncSchedulerImpl::DoConfigurationSyncCycleJob] Blocked types:  and types to download: Autofill Profiles, Autofill, Extensions, Sessions, Extension settings, History Delete Directives, Web Apps, Saved Tab Group, WebAuthn Credentials, Collection, Edge Hub App Usage, Edge Wallet, Encryption Keys
2026-02-12 16:28:47.594: [INFO][SyncEngineBackend::DoFinishConfigureDataTypes] Failed to download types:  and succeeded types: Autofill Profiles, Autofill, Extensions, Sessions, Extension settings, History Delete Directives, Web Apps, Saved Tab Group, WebAuthn Credentials, Collection, Edge Hub App Usage, Edge Wallet, Encryption Keys
2026-02-12 16:28:47.595: [INFO][Sync] ConfigurationDone, failed: , succeeded: Autofill Profiles, Autofill, Extensions, Sessions, Extension settings, History Delete Directives, Web Apps, Saved Tab Group, WebAuthn Credentials, Collection, Edge Hub App Usage, Edge Wallet, Encryption Keys, remaining count: 1
2026-02-12 16:28:47.596: [INFO][Sync] Prepare to configure types: History, Encryption Keys
2026-02-12 16:28:47.596: [INFO][SyncManagerImpl::ConfigureSyncer] Types to download: History, Encryption Keys with reason: 3
2026-02-12 16:28:47.596: [INFO][SyncSchedulerImpl::DoConfigurationSyncCycleJob] Blocked types:  and types to download: History, Encryption Keys
2026-02-12 16:28:47.907: [INFO][SyncEngineBackend::DoFinishConfigureDataTypes] Failed to download types:  and succeeded types: History, Encryption Keys
2026-02-12 16:28:47.909: [INFO][Sync] ConfigurationDone, failed: , succeeded: History, Encryption Keys, remaining count: 0
2026-02-12 16:28:47.911: [INFO][Sync]     Configuration completed, state: 3
2026-02-12 16:28:47.911: [INFO][Sync] Configured DataTypeManager: Ok
2026-02-12 16:28:47.914: [INFO][SyncEngineBackend::DoStartSyncing] Start syncing
2026-02-12 16:31:38.014: [INFO][Sync] Reset engine, reason: 0
2026-02-12 16:31:38.014: [INFO][Sync] Reset engine with reason: 0
2026-02-12 17:31:14.272: [INFO][Sync] SyncState after authenticated was: FeatureCanStart
2026-02-12 17:31:15.762: [INFO][SyncAuthManager::SetLastAuthError] Current auth error: None
2026-02-12 17:31:15.762: [INFO][SyncAuthManager::EdgeLogTokenErrorState] Token error with: None for account type: AAD
2026-02-12 17:31:15.762: [INFO][Sync] Credentials changed for: EdgeSyncKeyDataScope
2026-02-12 17:31:15.763: [INFO][Sync] Try to start sync engine
2026-02-12 17:31:15.777: [INFO][SyncManagerImpl::NudgeForInitialDownload] Initial download nudge for Encryption Keys
2026-02-12 17:31:15.777: [INFO][SyncEngineBackend::LoadAndConnectNigoriController] Load and connect Nigori controller
2026-02-12 17:31:15.777: [INFO][SyncEngineBackend::DoInitialize] Control Types added: Encryption Keys
2026-02-12 17:31:15.777: [INFO][SyncManagerImpl::ConfigureSyncer] Types to download: Encryption Keys with reason: 3
2026-02-12 17:31:15.777: [INFO][SyncEngineBackend::DoUpdateKeyDataCredentials] Update key data credentials
2026-02-12 17:31:15.777: [INFO][SyncSchedulerImpl::DoConfigurationSyncCycleJob] Configure job was blocked
2026-02-12 17:31:17.399: [INFO][SyncAuthManager::SetLastAuthError] Current auth error: None
2026-02-12 17:31:17.399: [INFO][SyncAuthManager::EdgeLogTokenErrorState] Token error with: None for account type: AAD
2026-02-12 17:31:17.399: [INFO][Sync] Credentials changed for: EdgeSyncScopeNew
2026-02-12 17:31:17.399: [INFO][SyncEngineBackend::DoUpdateCredentials] Update credentials
2026-02-12 17:31:17.399: [INFO][SyncEngineBackend::DoUpdateKeyDataCredentials] Update key data credentials
2026-02-12 17:31:17.399: [INFO][SyncSchedulerImpl::DoConfigurationSyncCycleJob] Blocked types:  and types to download: Encryption Keys
2026-02-12 17:31:19.934: [INFO][Sync] Started DataTypeManager configuration, reason: 4
2026-02-12 17:31:19.935: [INFO][Sync] Configuring for: Bookmarks, Preferences, Passwords, Autofill Profiles, Autofill, Extensions, Sessions, Extension settings, History Delete Directives, Device Info, User Consents, Send Tab To Self, Web Apps, History, Saved Tab Group, WebAuthn Credentials, Collection, Edge E Drop, Edge Hub App Usage, Edge Wallet, Encryption Keys, reason: 4, current state: 0
2026-02-12 17:31:19.935: [INFO][SyncEngineBackend::DoStartConfiguration] Start configuration
2026-02-12 17:31:19.937: [INFO][Sync] Configure, desired: Bookmarks, Preferences, Passwords, Autofill Profiles, Autofill, Extensions, Sessions, Extension settings, History Delete Directives, Device Info, User Consents, Send Tab To Self, Web Apps, History, Saved Tab Group, WebAuthn Credentials, Collection, Edge E Drop, Edge Hub App Usage, Edge Wallet, Encryption Keys; Allow fail: 
2026-02-12 17:31:19.937: [INFO][Sync] Loading: Bookmarks
2026-02-12 17:31:19.937: [INFO][Sync] Loading: Preferences
2026-02-12 17:31:19.938: [INFO][Sync] Loading: Passwords
2026-02-12 17:31:19.938: [INFO][Sync] Loading: Autofill Profiles
2026-02-12 17:31:19.938: [INFO][Sync] Loading: Autofill
2026-02-12 17:31:19.938: [INFO][Sync] Loading: Extensions
2026-02-12 17:31:19.938: [INFO][Sync] Loading: Sessions
2026-02-12 17:31:19.938: [INFO][Sync] Loading: Extension settings
2026-02-12 17:31:19.938: [INFO][Sync] Loading: History Delete Directives
2026-02-12 17:31:19.939: [INFO][Sync] Loading: Device Info
2026-02-12 17:31:19.939: [INFO][Sync] Loading: User Consents
2026-02-12 17:31:19.939: [INFO][Sync] Loading: Send Tab To Self
2026-02-12 17:31:19.939: [INFO][Sync] Loading: Web Apps
2026-02-12 17:31:19.939: [INFO][Sync] Loading: History
2026-02-12 17:31:19.939: [INFO][Sync] Loading: Saved Tab Group
2026-02-12 17:31:19.939: [INFO][Sync] Loading: WebAuthn Credentials
2026-02-12 17:31:19.939: [INFO][Sync] Loading: Collection
2026-02-12 17:31:19.939: [INFO][Sync] Loading: Edge E Drop
2026-02-12 17:31:19.939: [INFO][Sync] Loading: Edge Hub App Usage
2026-02-12 17:31:19.939: [INFO][Sync] Loading: Edge Wallet
2026-02-12 17:31:19.953: [INFO][Sync] All data types are ready for configure.
2026-02-12 17:31:19.954: [INFO][SyncManagerImpl::NudgeForInitialDownload] Initial download nudge for Passwords
2026-02-12 17:31:19.954: [INFO][SyncManagerImpl::ConfigureSyncer] Types to download:  with reason: 4
2026-02-12 17:31:19.954: [INFO][SyncEngineBackend::DoFinishConfigureDataTypes] Failed to download types:  and succeeded types: 
2026-02-12 17:31:19.958: [INFO][Sync] ConfigurationDone, failed: , succeeded: , remaining count: 4
2026-02-12 17:31:19.958: [INFO][Sync] Prepare to configure types: Passwords, Encryption Keys
2026-02-12 17:31:19.958: [INFO][SyncManagerImpl::ConfigureSyncer] Types to download: Passwords, Encryption Keys with reason: 4
2026-02-12 17:31:19.958: [INFO][SyncSchedulerImpl::DoConfigurationSyncCycleJob] Blocked types:  and types to download: Passwords, Encryption Keys
2026-02-12 17:31:20.399: [INFO][SyncEngineBackend::DoFinishConfigureDataTypes] Failed to download types:  and succeeded types: Passwords, Encryption Keys
2026-02-12 17:31:20.403: [INFO][Sync] ConfigurationDone, failed: , succeeded: Passwords, Encryption Keys, remaining count: 3
2026-02-12 17:31:20.403: [INFO][SyncManagerImpl::ConfigureSyncer] Types to download:  with reason: 4
2026-02-12 17:31:20.403: [INFO][SyncEngineBackend::DoFinishConfigureDataTypes] Failed to download types:  and succeeded types: 
2026-02-12 17:31:20.403: [INFO][Sync] ConfigurationDone, failed: , succeeded: , remaining count: 2
2026-02-12 17:31:20.403: [INFO][SyncManagerImpl::ConfigureSyncer] Types to download:  with reason: 4
2026-02-12 17:31:20.403: [INFO][SyncEngineBackend::DoFinishConfigureDataTypes] Failed to download types:  and succeeded types: 
2026-02-12 17:31:20.403: [INFO][Sync] ConfigurationDone, failed: , succeeded: , remaining count: 1
2026-02-12 17:31:20.405: [INFO][SyncManagerImpl::ConfigureSyncer] Types to download:  with reason: 4
2026-02-12 17:31:20.405: [INFO][SyncEngineBackend::DoFinishConfigureDataTypes] Failed to download types:  and succeeded types: 
2026-02-12 17:31:20.405: [INFO][Sync] ConfigurationDone, failed: , succeeded: , remaining count: 0
2026-02-12 17:31:20.406: [INFO][Sync]     Configuration completed, state: 3
2026-02-12 17:31:20.407: [INFO][Sync] Configured DataTypeManager: Ok
2026-02-12 17:31:20.411: [INFO][SyncEngineBackend::DoStartSyncing] Start syncing
2026-02-12 17:35:15.289: [INFO][Sync] Reset engine, reason: 0
2026-02-12 17:35:15.289: [INFO][Sync] Reset engine with reason: 0
2026-02-12 17:38:19.151: [INFO][Sync] Reset engine, reason: 8
2026-02-12 17:38:19.151: [INFO][Sync] Stopped: Bookmarks
2026-02-12 17:38:19.152: [INFO][Sync] Stopped: Preferences
2026-02-12 17:38:19.152: [INFO][Sync] Stopped: Passwords
2026-02-12 17:38:19.152: [INFO][Sync] Stopped: Autofill Profiles
2026-02-12 17:38:19.152: [INFO][Sync] Stopped: Autofill
2026-02-12 17:38:19.152: [INFO][Sync] Stopped: Extensions
2026-02-12 17:38:19.152: [INFO][Sync] Stopped: Sessions
2026-02-12 17:38:19.152: [INFO][Sync] Stopped: Extension settings
2026-02-12 17:38:19.152: [INFO][Sync] Stopped: History Delete Directives
2026-02-12 17:38:19.152: [INFO][Sync] Stopped: Device Info
2026-02-12 17:38:19.152: [INFO][Sync] Stopped: User Consents
2026-02-12 17:38:19.152: [INFO][Sync] Stopped: Send Tab To Self
2026-02-12 17:38:19.152: [INFO][Sync] Stopped: Web Apps
2026-02-12 17:38:19.152: [INFO][Sync] Stopped: History
2026-02-12 17:38:19.152: [INFO][Sync] Stopped: Saved Tab Group
2026-02-12 17:38:19.152: [INFO][Sync] Stopped: WebAuthn Credentials
2026-02-12 17:38:19.152: [INFO][Sync] Stopped: Collection
2026-02-12 17:38:19.152: [INFO][Sync] Stopped: Edge E Drop
2026-02-12 17:38:19.152: [INFO][Sync] Stopped: Edge Hub App Usage
2026-02-12 17:38:19.152: [INFO][Sync] Stopped: Edge Wallet
2026-02-12 17:38:19.152: [INFO][Sync] SyncState after authenticated was: NotSignedIn
2026-02-12 17:38:19.285: [INFO][Sync] Reset engine, reason: 8
2026-02-12 17:38:19.285: [INFO][Sync] Stopped: Bookmarks
2026-02-12 17:38:19.285: [INFO][Sync] Stopped: Preferences
2026-02-12 17:38:19.285: [INFO][Sync] Stopped: Passwords
2026-02-12 17:38:19.285: [INFO][Sync] Stopped: Autofill Profiles
2026-02-12 17:38:19.285: [INFO][Sync] Stopped: Autofill
2026-02-12 17:38:19.285: [INFO][Sync] Stopped: Extensions
2026-02-12 17:38:19.285: [INFO][Sync] Stopped: Sessions
2026-02-12 17:38:19.285: [INFO][Sync] Stopped: Extension settings
2026-02-12 17:38:19.285: [INFO][Sync] Stopped: History Delete Directives
2026-02-12 17:38:19.285: [INFO][Sync] Stopped: Device Info
2026-02-12 17:38:19.285: [INFO][Sync] Stopped: User Consents
2026-02-12 17:38:19.285: [INFO][Sync] Stopped: Send Tab To Self
2026-02-12 17:38:19.285: [INFO][Sync] Stopped: Web Apps
2026-02-12 17:38:19.285: [INFO][Sync] Stopped: History
2026-02-12 17:38:19.285: [INFO][Sync] Stopped: Saved Tab Group
2026-02-12 17:38:19.285: [INFO][Sync] Stopped: WebAuthn Credentials
2026-02-12 17:38:19.285: [INFO][Sync] Stopped: Collection
2026-02-12 17:38:19.285: [INFO][Sync] Stopped: Edge E Drop
2026-02-12 17:38:19.285: [INFO][Sync] Stopped: Edge Hub App Usage
2026-02-12 17:38:19.285: [INFO][Sync] Stopped: Edge Wallet
2026-02-12 17:38:19.933: [INFO][Sync] Try to start sync engine
2026-02-12 17:38:19.936: [INFO][SyncAuthManager::SetLastAuthError] Current auth error: None
2026-02-12 17:38:19.936: [INFO][SyncAuthManager::EdgeLogTokenErrorState] Token error with: None for account type: AAD
2026-02-12 17:38:19.936: [INFO][Sync] Credentials changed for: EdgeSyncKeyDataScope
2026-02-12 17:38:19.938: [INFO][SyncManagerImpl::NudgeForInitialDownload] Initial download nudge for Encryption Keys
2026-02-12 17:38:19.938: [INFO][SyncEngineBackend::LoadAndConnectNigoriController] Load and connect Nigori controller
2026-02-12 17:38:19.938: [INFO][SyncEngineBackend::DoInitialize] Control Types added: Encryption Keys
2026-02-12 17:38:19.938: [INFO][SyncManagerImpl::ConfigureSyncer] Types to download: Encryption Keys with reason: 3
2026-02-12 17:38:19.938: [INFO][SyncEngineBackend::DoUpdateKeyDataCredentials] Update key data credentials
2026-02-12 17:38:19.938: [INFO][SyncSchedulerImpl::DoConfigurationSyncCycleJob] Configure job was blocked
2026-02-12 17:38:19.946: [INFO][SyncAuthManager::SetLastAuthError] Current auth error: None
2026-02-12 17:38:19.946: [INFO][SyncAuthManager::EdgeLogTokenErrorState] Token error with: None for account type: AAD
2026-02-12 17:38:19.946: [INFO][Sync] Credentials changed for: EdgeSyncScopeNew
2026-02-12 17:38:19.946: [INFO][SyncEngineBackend::DoUpdateCredentials] Update credentials
2026-02-12 17:38:19.946: [INFO][SyncSchedulerImpl::DoConfigurationSyncCycleJob] Blocked types:  and types to download: Encryption Keys
2026-02-12 17:38:22.712: [INFO][SyncEngineBackend::DoUpdateKeyDataCredentials] Update key data credentials
2026-02-12 17:38:22.717: [INFO][Sync] Started DataTypeManager configuration, reason: 4
2026-02-12 17:38:22.718: [INFO][Sync] Configuring for: Bookmarks, Preferences, Passwords, Autofill Profiles, Autofill, Extensions, Sessions, Extension settings, History Delete Directives, Device Info, User Consents, Send Tab To Self, Web Apps, History, Saved Tab Group, WebAuthn Credentials, Collection, Edge E Drop, Edge Hub App Usage, Edge Wallet, Encryption Keys, reason: 4, current state: 0
2026-02-12 17:38:22.718: [INFO][SyncEngineBackend::DoStartConfiguration] Start configuration
2026-02-12 17:38:22.719: [INFO][Sync] Configure, desired: Bookmarks, Preferences, Passwords, Autofill Profiles, Autofill, Extensions, Sessions, Extension settings, History Delete Directives, Device Info, User Consents, Send Tab To Self, Web Apps, History, Saved Tab Group, WebAuthn Credentials, Collection, Edge E Drop, Edge Hub App Usage, Edge Wallet, Encryption Keys; Allow fail: 
2026-02-12 17:38:22.719: [INFO][Sync] Loading: Bookmarks
2026-02-12 17:38:22.719: [INFO][Sync] Loading: Preferences
2026-02-12 17:38:22.719: [INFO][Sync] Loading: Passwords
2026-02-12 17:38:22.719: [INFO][Sync] Loading: Autofill Profiles
2026-02-12 17:38:22.719: [INFO][Sync] Loading: Autofill
2026-02-12 17:38:22.719: [INFO][Sync] Loading: Extensions
2026-02-12 17:38:22.719: [INFO][Sync] Loading: Sessions
2026-02-12 17:38:22.719: [INFO][Sync] Loading: Extension settings
2026-02-12 17:38:22.719: [INFO][Sync] Loading: History Delete Directives
2026-02-12 17:38:22.719: [INFO][Sync] Loading: Device Info
2026-02-12 17:38:22.719: [INFO][Sync] Loading: User Consents
2026-02-12 17:38:22.719: [INFO][Sync] Loading: Send Tab To Self
2026-02-12 17:38:22.719: [INFO][Sync] Loading: Web Apps
2026-02-12 17:38:22.719: [INFO][Sync] Loading: History
2026-02-12 17:38:22.719: [INFO][Sync] Loading: Saved Tab Group
2026-02-12 17:38:22.719: [INFO][Sync] Loading: WebAuthn Credentials
2026-02-12 17:38:22.719: [INFO][Sync] Loading: Collection
2026-02-12 17:38:22.719: [INFO][Sync] Loading: Edge E Drop
2026-02-12 17:38:22.719: [INFO][Sync] Loading: Edge Hub App Usage
2026-02-12 17:38:22.719: [INFO][Sync] Loading: Edge Wallet
2026-02-12 17:38:22.723: [INFO][Sync] All data types are ready for configure.
2026-02-12 17:38:22.723: [INFO][SyncManagerImpl::NudgeForInitialDownload] Initial download nudge for Bookmarks
2026-02-12 17:38:22.723: [INFO][SyncManagerImpl::NudgeForInitialDownload] Initial download nudge for Preferences
2026-02-12 17:38:22.723: [INFO][SyncManagerImpl::NudgeForInitialDownload] Initial download nudge for Passwords
2026-02-12 17:38:22.723: [INFO][SyncManagerImpl::NudgeForInitialDownload] Initial download nudge for Autofill Profiles
2026-02-12 17:38:22.723: [INFO][SyncManagerImpl::NudgeForInitialDownload] Initial download nudge for Autofill
2026-02-12 17:38:22.723: [INFO][SyncManagerImpl::NudgeForInitialDownload] Initial download nudge for Extensions
2026-02-12 17:38:22.723: [INFO][SyncManagerImpl::NudgeForInitialDownload] Initial download nudge for Sessions
2026-02-12 17:38:22.723: [INFO][SyncManagerImpl::NudgeForInitialDownload] Initial download nudge for Extension settings
2026-02-12 17:38:22.723: [INFO][SyncManagerImpl::NudgeForInitialDownload] Initial download nudge for History Delete Directives
2026-02-12 17:38:22.723: [INFO][SyncManagerImpl::NudgeForInitialDownload] Initial download nudge for Device Info
2026-02-12 17:38:22.723: [INFO][SyncManagerImpl::NudgeForInitialDownload] Initial download nudge for Send Tab To Self
2026-02-12 17:38:22.723: [INFO][SyncManagerImpl::NudgeForInitialDownload] Initial download nudge for Web Apps
2026-02-12 17:38:22.723: [INFO][SyncManagerImpl::NudgeForInitialDownload] Initial download nudge for History
2026-02-12 17:38:22.723: [INFO][SyncManagerImpl::NudgeForInitialDownload] Initial download nudge for Saved Tab Group
2026-02-12 17:38:22.723: [INFO][SyncManagerImpl::NudgeForInitialDownload] Initial download nudge for WebAuthn Credentials
2026-02-12 17:38:22.723: [INFO][SyncManagerImpl::NudgeForInitialDownload] Initial download nudge for Collection
2026-02-12 17:38:22.723: [INFO][SyncManagerImpl::NudgeForInitialDownload] Initial download nudge for Edge E Drop
2026-02-12 17:38:22.723: [INFO][SyncManagerImpl::NudgeForInitialDownload] Initial download nudge for Edge Hub App Usage
2026-02-12 17:38:22.723: [INFO][SyncManagerImpl::NudgeForInitialDownload] Initial download nudge for Edge Wallet
2026-02-12 17:38:22.723: [INFO][SyncManagerImpl::ConfigureSyncer] Types to download:  with reason: 4
2026-02-12 17:38:22.723: [INFO][SyncEngineBackend::DoFinishConfigureDataTypes] Failed to download types:  and succeeded types: 
2026-02-12 17:38:22.723: [INFO][Sync] ConfigurationDone, failed: , succeeded: , remaining count: 4
2026-02-12 17:38:22.723: [INFO][Sync] Prepare to configure types: Preferences, Passwords, Device Info, Send Tab To Self, Edge E Drop, Encryption Keys
2026-02-12 17:38:22.723: [INFO][SyncManagerImpl::ConfigureSyncer] Types to download: Preferences, Passwords, Device Info, Send Tab To Self, Edge E Drop, Encryption Keys with reason: 4
2026-02-12 17:38:22.723: [INFO][SyncSchedulerImpl::DoConfigurationSyncCycleJob] Blocked types:  and types to download: Preferences, Passwords, Device Info, Send Tab To Self, Edge E Drop, Encryption Keys
2026-02-12 17:38:23.346: [INFO][SyncEngineBackend::DoFinishConfigureDataTypes] Failed to download types:  and succeeded types: Preferences, Passwords, Device Info, Send Tab To Self, Edge E Drop, Encryption Keys
2026-02-12 17:38:23.348: [INFO][Sync] ConfigurationDone, failed: , succeeded: Preferences, Passwords, Device Info, Send Tab To Self, Edge E Drop, Encryption Keys, remaining count: 3
2026-02-12 17:38:23.348: [INFO][Sync] Prepare to configure types: Bookmarks, Encryption Keys
2026-02-12 17:38:23.348: [INFO][SyncManagerImpl::ConfigureSyncer] Types to download: Bookmarks, Encryption Keys with reason: 4
2026-02-12 17:38:23.348: [INFO][SyncSchedulerImpl::DoConfigurationSyncCycleJob] Blocked types:  and types to download: Bookmarks, Encryption Keys
2026-02-12 17:38:23.781: [INFO][SyncEngineBackend::DoFinishConfigureDataTypes] Failed to download types:  and succeeded types: Bookmarks, Encryption Keys
2026-02-12 17:38:23.791: [INFO][Sync] ConfigurationDone, failed: , succeeded: Bookmarks, Encryption Keys, remaining count: 2
2026-02-12 17:38:23.791: [INFO][Sync] Prepare to configure types: Autofill Profiles, Autofill, Extensions, Sessions, Extension settings, History Delete Directives, Web Apps, Saved Tab Group, WebAuthn Credentials, Collection, Edge Hub App Usage, Edge Wallet, Encryption Keys
2026-02-12 17:38:23.791: [INFO][SyncManagerImpl::ConfigureSyncer] Types to download: Autofill Profiles, Autofill, Extensions, Sessions, Extension settings, History Delete Directives, Web Apps, Saved Tab Group, WebAuthn Credentials, Collection, Edge Hub App Usage, Edge Wallet, Encryption Keys with reason: 4
2026-02-12 17:38:23.791: [INFO][SyncSchedulerImpl::DoConfigurationSyncCycleJob] Blocked types:  and types to download: Autofill Profiles, Autofill, Extensions, Sessions, Extension settings, History Delete Directives, Web Apps, Saved Tab Group, WebAuthn Credentials, Collection, Edge Hub App Usage, Edge Wallet, Encryption Keys
2026-02-12 17:38:24.305: [INFO][SyncEngineBackend::DoFinishConfigureDataTypes] Failed to download types:  and succeeded types: Autofill Profiles, Autofill, Extensions, Sessions, Extension settings, History Delete Directives, Web Apps, Saved Tab Group, WebAuthn Credentials, Collection, Edge Hub App Usage, Edge Wallet, Encryption Keys
2026-02-12 17:38:24.308: [INFO][Sync] ConfigurationDone, failed: , succeeded: Autofill Profiles, Autofill, Extensions, Sessions, Extension settings, History Delete Directives, Web Apps, Saved Tab Group, WebAuthn Credentials, Collection, Edge Hub App Usage, Edge Wallet, Encryption Keys, remaining count: 1
2026-02-12 17:38:24.310: [INFO][Sync] Prepare to configure types: History, Encryption Keys
2026-02-12 17:38:24.310: [INFO][SyncManagerImpl::ConfigureSyncer] Types to download: History, Encryption Keys with reason: 4
2026-02-12 17:38:24.310: [INFO][SyncSchedulerImpl::DoConfigurationSyncCycleJob] Blocked types:  and types to download: History, Encryption Keys
2026-02-12 17:38:24.671: [INFO][SyncEngineBackend::DoFinishConfigureDataTypes] Failed to download types:  and succeeded types: History, Encryption Keys
2026-02-12 17:38:24.673: [INFO][Sync] ConfigurationDone, failed: , succeeded: History, Encryption Keys, remaining count: 0
2026-02-12 17:38:24.675: [INFO][Sync]     Configuration completed, state: 3
2026-02-12 17:38:24.675: [INFO][Sync] Configured DataTypeManager: Ok
2026-02-12 17:38:24.678: [INFO][SyncEngineBackend::DoStartSyncing] Start syncing
2026-02-12 17:39:57.397: [INFO][Sync] Reset engine, reason: 0
2026-02-12 17:39:57.397: [INFO][Sync] Reset engine with reason: 0
